// Jest Snapshot v1, https://jestjs.io/docs/snapshot-testing

exports[`Export format renderers QuestFlow JSON filename extension matches format 1`] = `".json"`;

exports[`Export format renderers QuestFlow JSON renders content matching snapshot 1`] = `
"{
  "meta": {
    "id": "dragons-curse",
    "title": "Dragon's Curse",
    "genre": "fantasy",
    "description": "A dark curse spreads across the kingdom."
  },
  "nodes": [
    {
      "id": "quest_1",
      "variant": "story",
      "title": "The Awakening",
      "body": "A red glow erupts from the mountain.",
      "npcIds": [
        "npc_taras-the-elder"
      ],
      "monsterIds": [],
      "rewardIds": []
    },
    {
      "id": "quest_2",
      "variant": "combat",
      "title": "Confront the Dragon",
      "body": "The beast emerges from the peak.",
      "npcIds": [],
      "monsterIds": [
        "npc_igrath-the-dragon"
      ],
      "rewardIds": [
        "reward_dragon-scale"
      ]
    },
    {
      "id": "quest_3",
      "variant": "treasure",
      "title": "The Reward",
      "body": "The curse is lifted and peace returns.",
      "npcIds": [],
      "monsterIds": [],
      "rewardIds": [
        "reward_ancient-sword"
      ]
    }
  ],
  "edges": [
    {
      "id": "e1-2",
      "source": "quest_1",
      "target": "quest_2"
    },
    {
      "id": "e2-3",
      "source": "quest_2",
      "target": "quest_3"
    }
  ],
  "characters": [
    {
      "id": "npc_taras-the-elder",
      "name": "Taras the Elder",
      "appearance": "A tall man with a grey beard.",
      "background": "The village elder who knows of the curse."
    },
    {
      "id": "npc_igrath-the-dragon",
      "name": "Igrath the Dragon",
      "appearance": "A massive red dragon with burning eyes.",
      "background": "The source of the curse."
    }
  ],
  "rewards": [
    {
      "id": "reward_dragon-scale",
      "title": "Dragon Scale",
      "description": "A scale from the defeated dragon.",
      "rarity": "rare"
    },
    {
      "id": "reward_ancient-sword",
      "title": "Ancient Sword",
      "description": "A legendary blade.",
      "rarity": "epic"
    }
  ],
  "objectives": [
    {
      "id": "obj-1",
      "title": "Find the source",
      "description": "Locate the mountain."
    },
    {
      "id": "obj-2",
      "title": "Defeat the dragon",
      "description": "Slay Igrath."
    }
  ],
  "chapters": []
}"
`;

exports[`Export format renderers QuestFlow YAML filename extension matches format 1`] = `".yaml"`;

exports[`Export format renderers QuestFlow YAML renders content matching snapshot 1`] = `
"meta:
  id: dragons-curse
  title: Dragon's Curse
  genre: fantasy
  description: A dark curse spreads across the kingdom.
nodes:
  - id: quest_1
    variant: story
    title: The Awakening
    body: A red glow erupts from the mountain.
    npcIds:
      - npc_taras-the-elder
    monsterIds: []
    rewardIds: []
  - id: quest_2
    variant: combat
    title: Confront the Dragon
    body: The beast emerges from the peak.
    npcIds: []
    monsterIds:
      - npc_igrath-the-dragon
    rewardIds:
      - reward_dragon-scale
  - id: quest_3
    variant: treasure
    title: The Reward
    body: The curse is lifted and peace returns.
    npcIds: []
    monsterIds: []
    rewardIds:
      - reward_ancient-sword
edges:
  - id: e1-2
    source: quest_1
    target: quest_2
  - id: e2-3
    source: quest_2
    target: quest_3
characters:
  - id: npc_taras-the-elder
    name: Taras the Elder
    appearance: A tall man with a grey beard.
    background: The village elder who knows of the curse.
  - id: npc_igrath-the-dragon
    name: Igrath the Dragon
    appearance: A massive red dragon with burning eyes.
    background: The source of the curse.
rewards:
  - id: reward_dragon-scale
    title: Dragon Scale
    description: A scale from the defeated dragon.
    rarity: rare
  - id: reward_ancient-sword
    title: Ancient Sword
    description: A legendary blade.
    rarity: epic
objectives:
  - id: obj-1
    title: Find the source
    description: Locate the mountain.
  - id: obj-2
    title: Defeat the dragon
    description: Slay Igrath.
chapters: []
"
`;
